Reached unsupported instruction
Total Clock Cycles =                   32
Dumping the state of the processor
pc = 0x0000004c
x0 = 0x00000000
x1 = 0x00001000
x2 = 0x00000000
x3 = 0x00000000
x4 = 0x00000000
x5 = 0x00000000
x6 = 0xaaaaaaaa
x7 = 0xaaaaaaaa
x8 = 0xaaaaaaaa
x9 = 0xaaaaaaaa
x10 = 0x00000800
x11 = 0xaaaaaaaa
x12 = 0xaaaaaaaa
x13 = 0xaaaaaaaa
x14 = 0xaaaaaaaa
x15 = 0x00000000
x16 = 0x00000000
x17 = 0x00000000
x18 = 0x00000000
x19 = 0x00000000
x20 = 0x00000000
x21 = 0x00000000
x22 = 0x00000000
x23 = 0x00000000
x24 = 0x00000000
x25 = 0x00000000
x26 = 0x00000000
x27 = 0x00000000
x28 = 0x00000000
x29 = 0x00000000
x30 = 0x00000000
x31 = 0x00000000
{x31, ..., x0} = 0x0000000000000000000000000000000000000000000000000000000000000000000000000000000000000000000000000000000000000000000000000000000000000000aaaaaaaaaaaaaaaaaaaaaaaaaaaaaaaa00000800aaaaaaaaaaaaaaaaaaaaaaaaaaaaaaaa000000000000000000000000000000000000100000000000
Quitting simulation.
